// Jest Snapshot v1, https://goo.gl/fbAQLP

exports[`matches snapshot 1`] = `
<div>
  <div />
  <div
    className="search"
  >
    <form
      className="searchField"
    >
      <h1
        className="searchTitle"
      >
        Find your movie
      </h1>
      <label>
        <input
          className="searchInput"
          placeholder="What do you need to find?"
          type="text"
        />
      </label>
      <button
        className="searchButton"
        type="submit"
      />
    </form>
    <form
      className="searchButtons"
    >
      <p
        className="searchBy"
      >
        Search by
      </p>
      <button
        className="searchByTitle"
        type="submit"
      >
        Title
      </button>
      <button
        className="searchByGenre"
        type="submit"
      >
        Genre
      </button>
    </form>
  </div>
</div>
`;
